<html>
 <head>
	<!-- TODO TEST why is the meta doubled? -->
	<META http-equiv="Content-Type" content="text/html; charset=UTF-8">
	<meta content="text/html; charset=UTF-8" http-equiv="Content-Type">
	<title>test.title</title>
	<script src="/CONTEXT/SERVLET/system/sling.js"></script>
	<script language="javascript">var currentNode={"title":"test.title","desc":"test.desc"};</script>
 </head>
 <body>
 
	<div id="JstDefaultRendering">
	<h1 class='title'>test.title</h1>
	<div class='breadcrumbs'>
	</div>
	<div class='childnodes'>
	</div>
	<div class='title'>test.title</div>
	<div class='desc'>test.desc</div>
	</div>
	
<script language="javascript">
      var e = document.getElementById("JstDefaultRendering"); 
      e.parentNode.removeChild(e);
  </script>
  <script src="/CONTEXT/SERVLET/htmlcode/htmlcode1.input.jst.jst.js"></script>
 </body>
</html>