<html>
 <head>
	<!-- TODO TEST why is the meta doubled? -->
	<META http-equiv="Content-Type" content="text/html; charset=UTF-8">
	<meta content="text/html; charset=UTF-8" http-equiv="Content-Type">
	<title>test.title</title>
	<script src="/CONTEXT/SERVLET/system/sling.js"></script>
	<script language="javascript">var currentNode={"title":"test.title","desc":"test.desc"};</script>
 </head>
 <body>
 <div id="JstDefaultRendering">
	<h1>Node dumped by HtmlRendererServlet</h1>
	<p>Node path: <b>/foo/node</b></p>
	<p>Resource metadata: <b>{sling.resolutionPath=/foo/node}</b></p>
	<h2>Node properties</h2>
	title: <b>test.title</b><br/>desc: <b>test.desc</b><br/>
 </div>
 <script language="javascript">
      var e = document.getElementById("JstDefaultRendering"); 
      e.parentNode.removeChild(e);
  </script>
  <script src="/CONTEXT/SERVLET/htmlcode/htmlcode1.input.jst.jst.js"></script>
 </body>
</html>